테스트중입니다
수정한번함
